// Vitest Snapshot v1, https://vitest.dev/guide/snapshot.html

exports[`okuRadioGroup > should render OkuRadioGroup correctly 1`] = `
"<div>
  <div role=\\"radiogroup\\" aria-required=\\"false\\" dir=\\"ltr\\" tabindex=\\"0\\" style=\\"outline: none;\\"><button type=\\"button\\" role=\\"radio\\" aria-checked=\\"false\\" data-state=\\"unchecked\\" aria-label=\\"basic radiogroup\\" tabindex=\\"-1\\" data-oku-collection-item=\\"\\" value=\\"1\\">
      <!---->
    </button>
    <!----><button type=\\"button\\" role=\\"radio\\" aria-checked=\\"false\\" data-state=\\"unchecked\\" aria-label=\\"basic radiogroup\\" tabindex=\\"-1\\" data-oku-collection-item=\\"\\" value=\\"2\\">
      <!---->
    </button>
    <!---->
  </div>
</div>"
`;

exports[`okuRadioGroup > should render OkuRadioGroup correctly 2`] = `"<oku-roving-focus-group-stub scopeokurovingfocusgroup=\\"[object Object]\\" dir=\\"ltr\\" loop=\\"true\\" aschild=\\"true\\"></oku-roving-focus-group-stub>"`;

exports[`okuRadioGroup > should render OkuRadioGroupIndicator correctly 1`] = `"\`OkuRadioIndicator\` must be used within \`OkuRadio\`"`;

exports[`okuRadioGroup > should render OkuRadioGroupItem correctly 1`] = `"\`OkuRadioGroupItem\` must be used within \`OkuRadioGroup\`"`;

exports[`okuRadioGroup Stories > animated > should render correctly 1`] = `"<label-stub></label-stub>"`;

exports[`okuRadioGroup Stories > chromatic > should render correctly 1`] = `
"<h1>Uncontrolled</h1>
<h2>Unset</h2>
<oku-radio-group-stub required=\\"false\\" disabled=\\"false\\" loop=\\"true\\" aschild=\\"false\\" class=\\"radio-group\\"></oku-radio-group-stub>
<h2>Set</h2>
<oku-radio-group-stub required=\\"false\\" disabled=\\"false\\" loop=\\"true\\" defaultvalue=\\"3\\" aschild=\\"false\\" class=\\"radio-group\\"></oku-radio-group-stub>
<h1>Controlled</h1>
<h2>Unset</h2>
<oku-radio-group-stub required=\\"false\\" disabled=\\"false\\" loop=\\"true\\" aschild=\\"false\\" class=\\"radio-group\\" value=\\"\\"></oku-radio-group-stub>
<h2>Set</h2>
<oku-radio-group-stub required=\\"false\\" disabled=\\"false\\" loop=\\"true\\" aschild=\\"false\\" class=\\"radio-group\\" value=\\"3\\"></oku-radio-group-stub>
<h1>Disabled item</h1>
<oku-radio-group-stub required=\\"false\\" disabled=\\"false\\" loop=\\"true\\" aschild=\\"false\\" class=\\"radio-group\\"></oku-radio-group-stub>
<h1>Disabled root</h1>
<oku-radio-group-stub required=\\"false\\" disabled=\\"true\\" loop=\\"true\\" aschild=\\"false\\" class=\\"radio-group\\"></oku-radio-group-stub>
<h1>All items disabled</h1>
<oku-radio-group-stub required=\\"false\\" disabled=\\"false\\" loop=\\"true\\" aschild=\\"false\\" class=\\"radio-group\\"></oku-radio-group-stub>
<h1>Manual focus into group</h1>
<oku-radio-group-stub required=\\"false\\" disabled=\\"false\\" loop=\\"true\\" aschild=\\"false\\" class=\\"radio-group\\"></oku-radio-group-stub>
<h1>Force mounted indicator</h1>
<oku-radio-group-stub required=\\"false\\" disabled=\\"false\\" loop=\\"true\\" aschild=\\"false\\" class=\\"radio-group\\"></oku-radio-group-stub>
<h1>Direction</h1>
<h2>Prop</h2>
<oku-radio-group-stub dir=\\"rtl\\" required=\\"false\\" disabled=\\"false\\" loop=\\"true\\" defaultvalue=\\"1\\" aschild=\\"false\\" class=\\"radio-group\\"></oku-radio-group-stub>
<h2>Inherited</h2>
<direction-provider-stub dir=\\"rtl\\"></direction-provider-stub>
<h1>State attributes</h1>
<h2>Default</h2>
<oku-radio-group-stub required=\\"false\\" disabled=\\"false\\" loop=\\"true\\" defaultvalue=\\"3\\" aschild=\\"false\\" class=\\"radio-group-attr-styles\\"></oku-radio-group-stub>
<h2>Disabled item</h2>
<oku-radio-group-stub required=\\"false\\" disabled=\\"false\\" loop=\\"true\\" defaultvalue=\\"3\\" aschild=\\"false\\" class=\\"radio-group-attr-styles\\"></oku-radio-group-stub>
<oku-radio-group-stub required=\\"false\\" disabled=\\"false\\" loop=\\"true\\" defaultvalue=\\"2\\" aschild=\\"false\\" class=\\"radio-group-attr-styles\\"></oku-radio-group-stub>
<h2>Disabled root</h2>
<oku-radio-group-stub required=\\"false\\" disabled=\\"true\\" loop=\\"true\\" defaultvalue=\\"3\\" aschild=\\"false\\" class=\\"radio-group-attr-styles\\"></oku-radio-group-stub>
<h2>All items disabled</h2>
<oku-radio-group-stub required=\\"false\\" disabled=\\"false\\" loop=\\"true\\" defaultvalue=\\"3\\" aschild=\\"false\\" class=\\"radio-group-attr-styles\\"></oku-radio-group-stub>"
`;

exports[`okuRadioGroup Stories > controlled > should render correctly 1`] = `"<oku-radio-group-stub required=\\"false\\" disabled=\\"false\\" loop=\\"true\\" aschild=\\"false\\" class=\\"radio-group\\" value=\\"2\\"></oku-radio-group-stub>"`;

exports[`okuRadioGroup Stories > styled > should render correctly 1`] = `"<label-stub></label-stub>"`;

exports[`okuRadioGroup Stories > unset > should render correctly 1`] = `"<label-stub></label-stub>"`;

exports[`okuRadioGroup Stories > withinForm > should render correctly 1`] = `
"<form>
  <fieldset>
    <legend>optional value: </legend>
    <oku-radio-group-stub name=\\"optional\\" required=\\"false\\" disabled=\\"false\\" loop=\\"true\\" aschild=\\"false\\" class=\\"radio-group\\"></oku-radio-group-stub>
  </fieldset><br><br>
  <fieldset>
    <legend>required value: </legend>
    <oku-radio-group-stub name=\\"required\\" required=\\"true\\" disabled=\\"false\\" loop=\\"true\\" aschild=\\"false\\" class=\\"radio-group\\"></oku-radio-group-stub>
  </fieldset><br><br>
  <fieldset>
    <legend>stop propagation value: </legend>
    <oku-radio-group-stub name=\\"stopprop\\" required=\\"false\\" disabled=\\"false\\" loop=\\"true\\" aschild=\\"false\\" class=\\"radio-group\\"></oku-radio-group-stub>
  </fieldset><br><br><button>Submit</button>
</form>"
`;
