// Vitest Snapshot v1, https://vitest.dev/guide/snapshot.html

exports[`okuToggle > should render OkuToggle correctly 1`] = `"<button type="button" aria-pressed="false" data-state="off">Like</button>"`;

exports[`okuToggle Stories > chromatic > should render correctly 1`] = `
"<h1>Uncontrolled</h1>
<h2>Off</h2>
<button class="toggle" type="button" aria-pressed="false" data-state="off"> Toggle </button>
<h2>On</h2>
<button class="toggle" type="button" aria-pressed="true" data-state="on"> Toggle </button>
<h1>Controlled</h1>
<h2>Off</h2>
<button class="toggle" type="button" aria-pressed="false" data-state="off"> Toggle </button>
<h2>On</h2>
<button class="toggle" type="button" aria-pressed="true" data-state="on"> Toggle </button>
<h1>Disabled</h1>
<button class="toggle" type="button" aria-pressed="false" data-state="off" data-disabled=""> Toggle </button>
<h1>State attributes</h1>
<button class="toggle-attr-styles" type="button" aria-pressed="false" data-state="off"> Toggle </button>
<button class="toggle-attr-styles" type="button" aria-pressed="false" data-state="off" data-disabled=""> Toggle </button>"
`;

exports[`okuToggle Stories > controlled > should render correctly 1`] = `"<button class="toggle" type="button" aria-pressed="true" data-state="on">On</button>"`;

exports[`okuToggle Stories > styled > should render correctly 1`] = `"<button class="toggle" type="button" aria-pressed="false" data-state="off"> Toggle </button>"`;
